src/components/admin/PayrollTable.tsx(123,18): error TS2741: Property 'workspaceId' is missing in type '{ isOpen: boolean; onClose: () => void; user: UserWithPayroll; payrollData: { month: number; year: number; totalAmount: any; baseSalary: number; bonus: any; }; }' but required in type 'Props'.
src/components/agency/AgencyTaskTable.tsx(124,70): error TS2345: Argument of type 'string | undefined' is not assignable to parameter of type 'string'.
  Type 'undefined' is not assignable to type 'string'.
src/components/agency/AgencyTaskTable.tsx(151,27): error TS2554: Expected 3 arguments, but got 2.
src/components/agency/AgencyTaskTable.tsx(240,59): error TS2554: Expected 3 arguments, but got 2.
src/components/invoice/ClientInvoicesTable.tsx(31,31): error TS2554: Expected 2 arguments, but got 1.
src/components/invoice/InvoiceModal.tsx(75,17): error TS2554: Expected 2 arguments, but got 1.
src/components/invoice/InvoiceModal.tsx(305,35): error TS2554: Expected 2 arguments, but got 1.
src/components/mobile/MobileTaskView.tsx(49,15): error TS2554: Expected 3-6 arguments, but got 2.
src/components/mobile/MobileTaskView.tsx(64,19): error TS2554: Expected 2 arguments, but got 1.
src/components/TaskCreationManager.tsx(25,14): error TS2741: Property 'workspaceId' is missing in type '{ users: User[]; onSuccess: () => void; }' but required in type '{ users: User[]; onSuccess?: (() => void) | undefined; workspaceId: string; }'.
src/components/TaskTable.tsx(31,13): error TS2741: Property 'workspaceId' is missing in type '{ tasks: TaskWithUser[]; isAdmin: boolean; users: { id: string; username: string; reputation?: number | undefined; }[]; agencies: any[]; }' but required in type 'DesktopTaskTableProps'.
